Using device: cuda
Embedding type: pca
Model type: beta (Beta distribution NLL on P̂, φ=10.0)
Hyperparameters -> LAMBDA_TAU: 0.0 | WD_THETA: 0.0 | WD_W: 0.0 | EPOCHS: 200 | SNAPPING: 0.001
Loading pca embeddings from /Data/home/v-qizhengli/workspace/reeval-multi/model/processed_embeddings/embeddings_pca_48.pkl...

Will run experiments for n = [54]
============================================================
PREPARING EXPERIMENT DATA
============================================================
Total matrices: 54
Global user intersection: 32 users
Oracle matrix shape: (32, 2286)
Train items: 2058, Test items: 228
Embeddings shape: torch.Size([2286, 48])

============================================================
STARTING EXPERIMENTS (PCA embeddings, BETA model)
============================================================

[1/1] Processing with n=54 sample(s)...
Epoch    0 | Loss: 8.7880 | Train RMSE: 0.3702 AUC: 0.5113 | Test RMSE: 0.3648 AUC: 0.4683
  Tau stats: min=0.4995, mean=0.5002, max=0.5010
  Active Dims (30): [ 0  1  2  3  4  5  6  7  8  9 10 11 12 13 14 15 16 17 18 19 20 21 22 23
 24 25 26 27 28 29]
  Tau Values: [0.4997 0.5008 0.4996 0.4999 0.5003 0.4995 0.5001 0.4999 0.4997 0.4996
 0.5    0.5001 0.5007 0.5001 0.5001 0.5008 0.5001 0.5008 0.5005 0.5009
 0.4999 0.501  0.5007 0.5001 0.5007 0.4999 0.4998 0.5    0.5003 0.5001]
  W Row Norms: [0.0735 0.0606 0.0729 0.0728 0.0767 0.0734 0.0672 0.0681 0.0691 0.0642
 0.0598 0.0723 0.0696 0.0718 0.0553 0.0701 0.0806 0.0648 0.0615 0.059
 0.0744 0.0513 0.0563 0.0658 0.0749 0.0725 0.0615 0.0668 0.0674 0.0714]
  Theta Mean Norm: 0.0791
----------------------------------------
Epoch   20 | Loss: 2.1160 | Train RMSE: 0.2643 AUC: 0.6556 | Test RMSE: 0.2447 AUC: 0.7374
  Tau stats: min=0.8980, mean=1.0891, max=1.2571
  Active Dims (30): [ 0  1  2  3  4  5  6  7  8  9 10 11 12 13 14 15 16 17 18 19 20 21 22 23
 24 25 26 27 28 29]
  Tau Values: [0.9464 1.1755 0.935  0.9481 1.114  1.1036 1.0928 1.1237 1.0613 1.1812
 1.1166 1.1056 1.1053 1.0413 1.208  0.9594 0.9656 1.1568 1.2342 1.2434
 0.9275 1.0907 1.2571 1.0996 1.2522 1.0397 1.0467 1.0659 0.898  1.1766]
  W Row Norms: [0.069  0.0785 0.1019 0.0966 0.1051 0.0791 0.0784 0.0697 0.0747 0.0769
 0.0939 0.0859 0.0743 0.0912 0.0621 0.0712 0.0953 0.0662 0.0861 0.0764
 0.0959 0.0766 0.0808 0.0973 0.0811 0.0838 0.0741 0.0747 0.0825 0.0733]
  Theta Mean Norm: 1.0475
----------------------------------------
Epoch   40 | Loss: 1.4821 | Train RMSE: 0.2490 AUC: 0.7267 | Test RMSE: 0.2303 AUC: 0.8027
  Tau stats: min=0.9725, mean=1.2134, max=1.4296
  Active Dims (30): [ 0  1  2  3  4  5  6  7  8  9 10 11 12 13 14 15 16 17 18 19 20 21 22 23
 24 25 26 27 28 29]
  Tau Values: [1.0511 1.3082 1.0493 1.0498 1.2498 1.1889 1.2242 1.2197 1.1626 1.2738
 1.2417 1.231  1.2225 1.2197 1.3185 1.1084 1.1588 1.2612 1.3334 1.3534
 1.1182 1.2242 1.3872 1.2257 1.4296 1.1892 1.2165 1.1635 0.9725 1.2491]
  W Row Norms: [0.1184 0.1193 0.1393 0.1445 0.1421 0.1218 0.1244 0.1121 0.1176 0.122
 0.1344 0.1314 0.1239 0.1274 0.1041 0.1056 0.1244 0.1112 0.1326 0.117
 0.135  0.1227 0.1209 0.1392 0.1257 0.1283 0.1203 0.108  0.1184 0.1174]
  Theta Mean Norm: 1.5126
----------------------------------------
Epoch   60 | Loss: 1.2064 | Train RMSE: 0.2456 AUC: 0.7348 | Test RMSE: 0.2301 AUC: 0.7981
  Tau stats: min=1.0256, mean=1.3347, max=1.5574
  Active Dims (30): [ 0  1  2  3  4  5  6  7  8  9 10 11 12 13 14 15 16 17 18 19 20 21 22 23
 24 25 26 27 28 29]
  Tau Values: [1.1681 1.4235 1.186  1.1648 1.3807 1.2983 1.3433 1.3397 1.2731 1.3867
 1.3817 1.3215 1.3312 1.3716 1.4462 1.2326 1.2848 1.3914 1.4303 1.4695
 1.2745 1.3582 1.5058 1.3498 1.5574 1.3016 1.3673 1.2983 1.0256 1.3762]
  W Row Norms: [0.1565 0.1532 0.1804 0.1814 0.1645 0.1453 0.1557 0.1307 0.1359 0.1418
 0.1669 0.1616 0.1371 0.1611 0.1178 0.1252 0.1583 0.148  0.1588 0.1375
 0.1673 0.1431 0.1453 0.1682 0.1604 0.1509 0.1388 0.1435 0.1325 0.1439]
  Theta Mean Norm: 1.7240
----------------------------------------
Epoch   80 | Loss: 1.0579 | Train RMSE: 0.2433 AUC: 0.7409 | Test RMSE: 0.2293 AUC: 0.8030
  Tau stats: min=1.0660, mean=1.4124, max=1.6349
  Active Dims (30): [ 0  1  2  3  4  5  6  7  8  9 10 11 12 13 14 15 16 17 18 19 20 21 22 23
 24 25 26 27 28 29]
  Tau Values: [1.2431 1.5123 1.3014 1.2704 1.4365 1.37   1.439  1.4089 1.3404 1.4499
 1.4533 1.4042 1.3955 1.4648 1.5145 1.317  1.3652 1.4627 1.5076 1.5379
 1.3574 1.4213 1.5726 1.4395 1.6349 1.3649 1.459  1.3963 1.066  1.4665]
  W Row Norms: [0.1658 0.17   0.197  0.191  0.1867 0.1519 0.1647 0.1353 0.1496 0.1559
 0.1812 0.171  0.1653 0.1796 0.1283 0.1412 0.1689 0.1567 0.1651 0.146
 0.1821 0.1719 0.1637 0.1764 0.1772 0.1648 0.1577 0.1557 0.1447 0.1595]
  Theta Mean Norm: 1.8687
----------------------------------------
Epoch  100 | Loss: 0.9738 | Train RMSE: 0.2416 AUC: 0.7447 | Test RMSE: 0.2283 AUC: 0.8050
  Tau stats: min=1.1148, mean=1.4719, max=1.6785
  Active Dims (30): [ 0  1  2  3  4  5  6  7  8  9 10 11 12 13 14 15 16 17 18 19 20 21 22 23
 24 25 26 27 28 29]
  Tau Values: [1.3229 1.5707 1.363  1.3481 1.4906 1.4013 1.4809 1.4667 1.3941 1.5123
 1.5235 1.4565 1.4688 1.537  1.5593 1.3586 1.4199 1.5449 1.5609 1.5864
 1.4248 1.4984 1.6383 1.5137 1.6785 1.4073 1.5205 1.4752 1.1148 1.5178]
  W Row Norms: [0.1725 0.1797 0.2115 0.1962 0.2046 0.1759 0.1712 0.1518 0.158  0.1706
 0.1914 0.1829 0.1721 0.1996 0.144  0.1558 0.1873 0.17   0.1708 0.1563
 0.1966 0.1803 0.174  0.1889 0.1875 0.1741 0.1684 0.1724 0.1607 0.1661]
  Theta Mean Norm: 1.9731
----------------------------------------
Epoch  120 | Loss: 1.0283 | Train RMSE: 0.2412 AUC: 0.7450 | Test RMSE: 0.2294 AUC: 0.8006
  Tau stats: min=0.8397, mean=1.2070, max=1.4077
  Active Dims (30): [ 0  1  2  3  4  5  6  7  8  9 10 11 12 13 14 15 16 17 18 19 20 21 22 23
 24 25 26 27 28 29]
  Tau Values: [1.0741 1.3183 1.0954 1.0991 1.2118 1.1202 1.2212 1.2096 1.1282 1.24
 1.2582 1.1962 1.189  1.2722 1.2783 1.1127 1.159  1.3059 1.3001 1.3078
 1.1645 1.2522 1.3621 1.2396 1.4077 1.14   1.2494 1.2114 0.8397 1.2471]
  W Row Norms: [0.1709 0.1867 0.2204 0.1999 0.2094 0.1799 0.1762 0.1581 0.1674 0.1813
 0.1996 0.1876 0.18   0.2029 0.1504 0.1638 0.2004 0.1691 0.172  0.1672
 0.2041 0.1896 0.1766 0.1938 0.1879 0.1787 0.1778 0.1664 0.1702 0.1672]
  Theta Mean Norm: 2.0941
----------------------------------------
Epoch  140 | Loss: 1.4521 | Train RMSE: 0.2453 AUC: 0.7364 | Test RMSE: 0.2330 AUC: 0.7988
  Tau stats: min=0.1645, mean=0.5303, max=0.7437
  Active Dims (30): [ 0  1  2  3  4  5  6  7  8  9 10 11 12 13 14 15 16 17 18 19 20 21 22 23
 24 25 26 27 28 29]
  Tau Values: [0.4493 0.6452 0.4182 0.41   0.5177 0.4541 0.5656 0.5261 0.4877 0.5161
 0.5532 0.5515 0.4837 0.6237 0.5737 0.4523 0.5455 0.631  0.5872 0.6048
 0.499  0.589  0.6581 0.5758 0.7437 0.4394 0.6085 0.4795 0.1645 0.5544]
  W Row Norms: [0.1473 0.1789 0.2231 0.2032 0.1975 0.1657 0.1672 0.1449 0.1565 0.1703
 0.1999 0.1763 0.177  0.1988 0.1439 0.1482 0.1925 0.1521 0.1774 0.1611
 0.1986 0.1864 0.1701 0.1865 0.1764 0.166  0.1645 0.1521 0.1655 0.1522]
  Theta Mean Norm: 2.3743
----------------------------------------
Epoch  160 | Loss: 2.0893 | Train RMSE: 0.2549 AUC: 0.6994 | Test RMSE: 0.2413 AUC: 0.7703
  Tau stats: min=0.0000, mean=0.1931, max=0.4820
  Active Dims (26): [ 0  1  4  5  6  7  8  9 10 11 12 13 14 15 16 17 18 19 20 21 22 23 24 26
 27 29]
  Tau Values: [0.4463 0.1962 0.     0.     0.0779 0.3055 0.2467 0.1648 0.2572 0.1177
 0.0456 0.2582 0.0916 0.1987 0.2234 0.0771 0.4734 0.3196 0.1933 0.1995
 0.0766 0.2811 0.2413 0.0949 0.3548 0.     0.482  0.1396 0.     0.2288]
  W Row Norms: [0.1362 0.1662 0.2259 0.2041 0.1902 0.1563 0.1625 0.1272 0.1477 0.1552
 0.1965 0.1575 0.1612 0.1942 0.1279 0.1393 0.1761 0.129  0.1723 0.1577
 0.19   0.1792 0.1611 0.1778 0.165  0.1569 0.1516 0.1338 0.1622 0.1325]
  Theta Mean Norm: 2.8638
----------------------------------------
Epoch  180 | Loss: 2.1567 | Train RMSE: 0.2559 AUC: 0.6940 | Test RMSE: 0.2428 AUC: 0.7659
  Tau stats: min=0.0000, mean=0.0995, max=0.5828
  Active Dims (14): [ 0  1  5  6  8 11 14 16 17 21 24 26 27 29]
  Tau Values: [0.5828 0.1257 0.     0.     0.     0.3251 0.0483 0.     0.3236 0.
 0.     0.1531 0.     0.     0.0211 0.     0.4703 0.2023 0.     0.
 0.     0.0846 0.     0.     0.1439 0.     0.4674 0.0297 0.     0.0075]
  W Row Norms: [0.1394 0.1658 0.227  0.2057 0.1914 0.1582 0.1617 0.1249 0.1517 0.1521
 0.1981 0.1526 0.1586 0.1939 0.1246 0.1389 0.183  0.1236 0.1721 0.1572
 0.1899 0.1762 0.161  0.1785 0.1611 0.1564 0.1604 0.1245 0.1622 0.1295]
  Theta Mean Norm: 3.3007
----------------------------------------
Epoch  200 | Loss: 2.1543 | Train RMSE: 0.2559 AUC: 0.6940 | Test RMSE: 0.2450 AUC: 0.7480
  Tau stats: min=0.0000, mean=0.0555, max=0.4160
  Active Dims (7): [ 0  5  8 11 16 17 26]
  Tau Values: [0.416  0.     0.     0.     0.     0.2625 0.     0.     0.1971 0.
 0.     0.0174 0.     0.     0.     0.     0.3846 0.1134 0.     0.
 0.     0.     0.     0.     0.     0.     0.2752 0.     0.     0.    ]
  W Row Norms: [0.1466 0.1661 0.2272 0.2059 0.1918 0.1609 0.1619 0.1251 0.1506 0.1521
 0.1984 0.1547 0.1587 0.194  0.1245 0.139  0.1961 0.1246 0.1726 0.1576
 0.1901 0.1747 0.1617 0.1788 0.1622 0.1564 0.1645 0.1242 0.1622 0.13  ]
  Theta Mean Norm: 3.6077
----------------------------------------
Epoch  220 | Loss: 2.1105 | Train RMSE: 0.2565 AUC: 0.6931 | Test RMSE: 0.2459 AUC: 0.7467
  Tau stats: min=0.0000, mean=0.0313, max=0.2827
  Active Dims (4): [ 0  8 16 26]
  Tau Values: [0.2789 0.     0.     0.     0.     0.     0.     0.     0.1604 0.
 0.     0.     0.     0.     0.     0.     0.2172 0.     0.     0.
 0.     0.     0.     0.     0.     0.     0.2827 0.     0.     0.    ]
  W Row Norms: [0.1528 0.1662 0.2272 0.206  0.1919 0.1658 0.162  0.1251 0.1566 0.1522
 0.1985 0.155  0.1588 0.1941 0.1245 0.139  0.2    0.1263 0.1727 0.1576
 0.1901 0.1745 0.1619 0.1789 0.1624 0.1564 0.1668 0.1243 0.1623 0.13  ]
  Theta Mean Norm: 3.8099
----------------------------------------
Epoch  240 | Loss: 1.9807 | Train RMSE: 0.2575 AUC: 0.6908 | Test RMSE: 0.2474 AUC: 0.7387
  Tau stats: min=0.0000, mean=0.0168, max=0.2513
  Active Dims (3): [ 0 16 26]
  Tau Values: [0.2513 0.     0.     0.     0.     0.     0.     0.     0.     0.
 0.     0.     0.     0.     0.     0.     0.1875 0.     0.     0.
 0.     0.     0.     0.     0.     0.     0.0645 0.     0.     0.    ]
  W Row Norms: [0.1576 0.1663 0.2272 0.206  0.1919 0.166  0.162  0.1251 0.1594 0.1522
 0.1985 0.155  0.1588 0.1941 0.1245 0.139  0.2019 0.1267 0.1727 0.1576
 0.1901 0.1745 0.1619 0.1789 0.1625 0.1564 0.1689 0.1243 0.1623 0.1301]
  Theta Mean Norm: 3.9379
----------------------------------------
Epoch  260 | Loss: 2.0154 | Train RMSE: 0.2578 AUC: 0.6899 | Test RMSE: 0.2489 AUC: 0.7273
  Tau stats: min=0.0000, mean=0.0027, max=0.0814
  Active Dims (1): [0]
  Tau Values: [0.0814 0.     0.     0.     0.     0.     0.     0.     0.     0.
 0.     0.     0.     0.     0.     0.     0.     0.     0.     0.
 0.     0.     0.     0.     0.     0.     0.     0.     0.     0.    ]
  W Row Norms: [0.1559 0.1663 0.2272 0.206  0.1919 0.1661 0.162  0.1251 0.16   0.1522
 0.1985 0.155  0.1588 0.1941 0.1245 0.139  0.2049 0.1268 0.1727 0.1576
 0.1901 0.1745 0.1619 0.1789 0.1625 0.1564 0.1703 0.1243 0.1623 0.1301]
  Theta Mean Norm: 4.0043
----------------------------------------
Epoch  280 | Loss: 1.9134 | Train RMSE: 0.2581 AUC: 0.6895 | Test RMSE: 0.2476 AUC: 0.7368
  Tau stats: min=0.0000, mean=0.0000, max=0.0000
  Active Dims (0): []
  Tau Values: [0. 0. 0. 0. 0. 0. 0. 0. 0. 0. 0. 0. 0. 0. 0. 0. 0. 0. 0. 0. 0. 0. 0. 0.
 0. 0. 0. 0. 0. 0.]
  W Row Norms: [0.1584 0.1663 0.2272 0.206  0.1919 0.1661 0.162  0.1251 0.1601 0.1522
 0.1985 0.155  0.1588 0.1941 0.1245 0.139  0.2057 0.1268 0.1727 0.1576
 0.1901 0.1745 0.1619 0.1789 0.1625 0.1564 0.1705 0.1243 0.1623 0.1301]
  Theta Mean Norm: 4.0239
----------------------------------------
Epoch  300 | Loss: 1.8021 | Train RMSE: 0.2581 AUC: 0.6904 | Test RMSE: 0.2459 AUC: 0.7452
  Tau stats: min=0.0000, mean=0.0000, max=0.0000
  Active Dims (0): []
  Tau Values: [0. 0. 0. 0. 0. 0. 0. 0. 0. 0. 0. 0. 0. 0. 0. 0. 0. 0. 0. 0. 0. 0. 0. 0.
 0. 0. 0. 0. 0. 0.]
  W Row Norms: [0.1589 0.1663 0.2272 0.206  0.1919 0.1661 0.162  0.1251 0.1601 0.1522
 0.1985 0.155  0.1588 0.1941 0.1245 0.139  0.2058 0.1268 0.1727 0.1576
 0.1901 0.1745 0.1619 0.1789 0.1625 0.1564 0.1705 0.1243 0.1623 0.1301]
  Theta Mean Norm: 4.0265
----------------------------------------
Epoch  320 | Loss: 1.7299 | Train RMSE: 0.2578 AUC: 0.6929 | Test RMSE: 0.2441 AUC: 0.7567
  Tau stats: min=0.0000, mean=0.0000, max=0.0000
  Active Dims (0): []
  Tau Values: [0. 0. 0. 0. 0. 0. 0. 0. 0. 0. 0. 0. 0. 0. 0. 0. 0. 0. 0. 0. 0. 0. 0. 0.
 0. 0. 0. 0. 0. 0.]
  W Row Norms: [0.159  0.1663 0.2272 0.206  0.1919 0.1661 0.162  0.1251 0.1601 0.1522
 0.1985 0.155  0.1588 0.1941 0.1245 0.139  0.2058 0.1268 0.1727 0.1576
 0.1901 0.1745 0.1619 0.1789 0.1625 0.1564 0.1705 0.1243 0.1623 0.1301]
  Theta Mean Norm: 4.0269
----------------------------------------
Epoch  340 | Loss: 1.6797 | Train RMSE: 0.2574 AUC: 0.6960 | Test RMSE: 0.2423 AUC: 0.7671
  Tau stats: min=0.0000, mean=0.0000, max=0.0000
  Active Dims (0): []
  Tau Values: [0. 0. 0. 0. 0. 0. 0. 0. 0. 0. 0. 0. 0. 0. 0. 0. 0. 0. 0. 0. 0. 0. 0. 0.
 0. 0. 0. 0. 0. 0.]
  W Row Norms: [0.159  0.1663 0.2272 0.206  0.1919 0.1661 0.162  0.1251 0.1601 0.1522
 0.1985 0.155  0.1588 0.1941 0.1245 0.139  0.2058 0.1268 0.1727 0.1576
 0.1901 0.1745 0.1619 0.1789 0.1625 0.1564 0.1705 0.1243 0.1623 0.1301]
  Theta Mean Norm: 4.0269
----------------------------------------
Epoch  360 | Loss: 1.6427 | Train RMSE: 0.2569 AUC: 0.6993 | Test RMSE: 0.2405 AUC: 0.7779
  Tau stats: min=0.0000, mean=0.0000, max=0.0000
  Active Dims (0): []
  Tau Values: [0. 0. 0. 0. 0. 0. 0. 0. 0. 0. 0. 0. 0. 0. 0. 0. 0. 0. 0. 0. 0. 0. 0. 0.
 0. 0. 0. 0. 0. 0.]
  W Row Norms: [0.159  0.1663 0.2272 0.206  0.1919 0.1661 0.162  0.1251 0.1601 0.1522
 0.1985 0.155  0.1588 0.1941 0.1245 0.139  0.2058 0.1268 0.1727 0.1576
 0.1901 0.1745 0.1619 0.1789 0.1625 0.1564 0.1705 0.1243 0.1623 0.1301]
  Theta Mean Norm: 4.0269
----------------------------------------
Epoch  380 | Loss: 1.6142 | Train RMSE: 0.2564 AUC: 0.7023 | Test RMSE: 0.2389 AUC: 0.7857
  Tau stats: min=0.0000, mean=0.0000, max=0.0000
  Active Dims (0): []
  Tau Values: [0. 0. 0. 0. 0. 0. 0. 0. 0. 0. 0. 0. 0. 0. 0. 0. 0. 0. 0. 0. 0. 0. 0. 0.
 0. 0. 0. 0. 0. 0.]
  W Row Norms: [0.159  0.1663 0.2272 0.206  0.1919 0.1661 0.162  0.1251 0.1601 0.1522
 0.1985 0.155  0.1588 0.1941 0.1245 0.139  0.2058 0.1268 0.1727 0.1576
 0.1901 0.1745 0.1619 0.1789 0.1625 0.1564 0.1705 0.1243 0.1623 0.1301]
  Theta Mean Norm: 4.0269
----------------------------------------
Epoch  400 | Loss: 1.5917 | Train RMSE: 0.2559 AUC: 0.7050 | Test RMSE: 0.2375 AUC: 0.7936
  Tau stats: min=0.0000, mean=0.0000, max=0.0000
  Active Dims (0): []
  Tau Values: [0. 0. 0. 0. 0. 0. 0. 0. 0. 0. 0. 0. 0. 0. 0. 0. 0. 0. 0. 0. 0. 0. 0. 0.
 0. 0. 0. 0. 0. 0.]
  W Row Norms: [0.159  0.1663 0.2272 0.206  0.1919 0.1661 0.162  0.1251 0.1601 0.1522
 0.1985 0.155  0.1588 0.1941 0.1245 0.139  0.2058 0.1268 0.1727 0.1576
 0.1901 0.1745 0.1619 0.1789 0.1625 0.1564 0.1705 0.1243 0.1623 0.1301]
  Theta Mean Norm: 4.0269
----------------------------------------
Epoch  420 | Loss: 1.5734 | Train RMSE: 0.2555 AUC: 0.7075 | Test RMSE: 0.2361 AUC: 0.8001
  Tau stats: min=0.0000, mean=0.0000, max=0.0000
  Active Dims (0): []
  Tau Values: [0. 0. 0. 0. 0. 0. 0. 0. 0. 0. 0. 0. 0. 0. 0. 0. 0. 0. 0. 0. 0. 0. 0. 0.
 0. 0. 0. 0. 0. 0.]
  W Row Norms: [0.159  0.1663 0.2272 0.206  0.1919 0.1661 0.162  0.1251 0.1601 0.1522
 0.1985 0.155  0.1588 0.1941 0.1245 0.139  0.2058 0.1268 0.1727 0.1576
 0.1901 0.1745 0.1619 0.1789 0.1625 0.1564 0.1705 0.1243 0.1623 0.1301]
  Theta Mean Norm: 4.0269
----------------------------------------
Epoch  440 | Loss: 1.5583 | Train RMSE: 0.2551 AUC: 0.7097 | Test RMSE: 0.2349 AUC: 0.8071
  Tau stats: min=0.0000, mean=0.0000, max=0.0000
  Active Dims (0): []
  Tau Values: [0. 0. 0. 0. 0. 0. 0. 0. 0. 0. 0. 0. 0. 0. 0. 0. 0. 0. 0. 0. 0. 0. 0. 0.
 0. 0. 0. 0. 0. 0.]
  W Row Norms: [0.159  0.1663 0.2272 0.206  0.1919 0.1661 0.162  0.1251 0.1601 0.1522
 0.1985 0.155  0.1588 0.1941 0.1245 0.139  0.2058 0.1268 0.1727 0.1576
 0.1901 0.1745 0.1619 0.1789 0.1625 0.1564 0.1705 0.1243 0.1623 0.1301]
  Theta Mean Norm: 4.0269
----------------------------------------
Epoch  460 | Loss: 1.5457 | Train RMSE: 0.2547 AUC: 0.7117 | Test RMSE: 0.2338 AUC: 0.8119
  Tau stats: min=0.0000, mean=0.0000, max=0.0000
  Active Dims (0): []
  Tau Values: [0. 0. 0. 0. 0. 0. 0. 0. 0. 0. 0. 0. 0. 0. 0. 0. 0. 0. 0. 0. 0. 0. 0. 0.
 0. 0. 0. 0. 0. 0.]
  W Row Norms: [0.159  0.1663 0.2272 0.206  0.1919 0.1661 0.162  0.1251 0.1601 0.1522
 0.1985 0.155  0.1588 0.1941 0.1245 0.139  0.2058 0.1268 0.1727 0.1576
 0.1901 0.1745 0.1619 0.1789 0.1625 0.1564 0.1705 0.1243 0.1623 0.1301]
  Theta Mean Norm: 4.0269
----------------------------------------
Epoch  480 | Loss: 1.5350 | Train RMSE: 0.2544 AUC: 0.7134 | Test RMSE: 0.2328 AUC: 0.8171
  Tau stats: min=0.0000, mean=0.0000, max=0.0000
  Active Dims (0): []
  Tau Values: [0. 0. 0. 0. 0. 0. 0. 0. 0. 0. 0. 0. 0. 0. 0. 0. 0. 0. 0. 0. 0. 0. 0. 0.
 0. 0. 0. 0. 0. 0.]
  W Row Norms: [0.159  0.1663 0.2272 0.206  0.1919 0.1661 0.162  0.1251 0.1601 0.1522
 0.1985 0.155  0.1588 0.1941 0.1245 0.139  0.2058 0.1268 0.1727 0.1576
 0.1901 0.1745 0.1619 0.1789 0.1625 0.1564 0.1705 0.1243 0.1623 0.1301]
  Theta Mean Norm: 4.0269
----------------------------------------
Epoch  500 | Loss: 1.5260 | Train RMSE: 0.2541 AUC: 0.7147 | Test RMSE: 0.2318 AUC: 0.8218
  Tau stats: min=0.0000, mean=0.0000, max=0.0000
  Active Dims (0): []
  Tau Values: [0. 0. 0. 0. 0. 0. 0. 0. 0. 0. 0. 0. 0. 0. 0. 0. 0. 0. 0. 0. 0. 0. 0. 0.
 0. 0. 0. 0. 0. 0.]
  W Row Norms: [0.159  0.1663 0.2272 0.206  0.1919 0.1661 0.162  0.1251 0.1601 0.1522
 0.1985 0.155  0.1588 0.1941 0.1245 0.139  0.2058 0.1268 0.1727 0.1576
 0.1901 0.1745 0.1619 0.1789 0.1625 0.1564 0.1705 0.1243 0.1623 0.1301]
  Theta Mean Norm: 4.0269
----------------------------------------
Epoch  520 | Loss: 1.5181 | Train RMSE: 0.2538 AUC: 0.7160 | Test RMSE: 0.2310 AUC: 0.8252
  Tau stats: min=0.0000, mean=0.0000, max=0.0000
  Active Dims (0): []
  Tau Values: [0. 0. 0. 0. 0. 0. 0. 0. 0. 0. 0. 0. 0. 0. 0. 0. 0. 0. 0. 0. 0. 0. 0. 0.
 0. 0. 0. 0. 0. 0.]
  W Row Norms: [0.159  0.1663 0.2272 0.206  0.1919 0.1661 0.162  0.1251 0.1601 0.1522
 0.1985 0.155  0.1588 0.1941 0.1245 0.139  0.2058 0.1268 0.1727 0.1576
 0.1901 0.1745 0.1619 0.1789 0.1625 0.1564 0.1705 0.1243 0.1623 0.1301]
  Theta Mean Norm: 4.0269
----------------------------------------
Epoch  540 | Loss: 1.5113 | Train RMSE: 0.2535 AUC: 0.7172 | Test RMSE: 0.2302 AUC: 0.8276
  Tau stats: min=0.0000, mean=0.0000, max=0.0000
  Active Dims (0): []
  Tau Values: [0. 0. 0. 0. 0. 0. 0. 0. 0. 0. 0. 0. 0. 0. 0. 0. 0. 0. 0. 0. 0. 0. 0. 0.
 0. 0. 0. 0. 0. 0.]
  W Row Norms: [0.159  0.1663 0.2272 0.206  0.1919 0.1661 0.162  0.1251 0.1601 0.1522
 0.1985 0.155  0.1588 0.1941 0.1245 0.139  0.2058 0.1268 0.1727 0.1576
 0.1901 0.1745 0.1619 0.1789 0.1625 0.1564 0.1705 0.1243 0.1623 0.1301]
  Theta Mean Norm: 4.0269
----------------------------------------
Epoch  560 | Loss: 1.5054 | Train RMSE: 0.2533 AUC: 0.7181 | Test RMSE: 0.2296 AUC: 0.8299
  Tau stats: min=0.0000, mean=0.0000, max=0.0000
  Active Dims (0): []
  Tau Values: [0. 0. 0. 0. 0. 0. 0. 0. 0. 0. 0. 0. 0. 0. 0. 0. 0. 0. 0. 0. 0. 0. 0. 0.
 0. 0. 0. 0. 0. 0.]
  W Row Norms: [0.159  0.1663 0.2272 0.206  0.1919 0.1661 0.162  0.1251 0.1601 0.1522
 0.1985 0.155  0.1588 0.1941 0.1245 0.139  0.2058 0.1268 0.1727 0.1576
 0.1901 0.1745 0.1619 0.1789 0.1625 0.1564 0.1705 0.1243 0.1623 0.1301]
  Theta Mean Norm: 4.0269
----------------------------------------
Epoch  580 | Loss: 1.5003 | Train RMSE: 0.2531 AUC: 0.7189 | Test RMSE: 0.2289 AUC: 0.8317
  Tau stats: min=0.0000, mean=0.0000, max=0.0000
  Active Dims (0): []
  Tau Values: [0. 0. 0. 0. 0. 0. 0. 0. 0. 0. 0. 0. 0. 0. 0. 0. 0. 0. 0. 0. 0. 0. 0. 0.
 0. 0. 0. 0. 0. 0.]
  W Row Norms: [0.159  0.1663 0.2272 0.206  0.1919 0.1661 0.162  0.1251 0.1601 0.1522
 0.1985 0.155  0.1588 0.1941 0.1245 0.139  0.2058 0.1268 0.1727 0.1576
 0.1901 0.1745 0.1619 0.1789 0.1625 0.1564 0.1705 0.1243 0.1623 0.1301]
  Theta Mean Norm: 4.0269
----------------------------------------
Epoch  600 | Loss: 1.4957 | Train RMSE: 0.2529 AUC: 0.7197 | Test RMSE: 0.2284 AUC: 0.8329
  Tau stats: min=0.0000, mean=0.0000, max=0.0000
  Active Dims (0): []
  Tau Values: [0. 0. 0. 0. 0. 0. 0. 0. 0. 0. 0. 0. 0. 0. 0. 0. 0. 0. 0. 0. 0. 0. 0. 0.
 0. 0. 0. 0. 0. 0.]
  W Row Norms: [0.159  0.1663 0.2272 0.206  0.1919 0.1661 0.162  0.1251 0.1601 0.1522
 0.1985 0.155  0.1588 0.1941 0.1245 0.139  0.2058 0.1268 0.1727 0.1576
 0.1901 0.1745 0.1619 0.1789 0.1625 0.1564 0.1705 0.1243 0.1623 0.1301]
  Theta Mean Norm: 4.0269
----------------------------------------
Epoch  620 | Loss: 1.4917 | Train RMSE: 0.2527 AUC: 0.7204 | Test RMSE: 0.2279 AUC: 0.8349
  Tau stats: min=0.0000, mean=0.0000, max=0.0000
  Active Dims (0): []
  Tau Values: [0. 0. 0. 0. 0. 0. 0. 0. 0. 0. 0. 0. 0. 0. 0. 0. 0. 0. 0. 0. 0. 0. 0. 0.
 0. 0. 0. 0. 0. 0.]
  W Row Norms: [0.159  0.1663 0.2272 0.206  0.1919 0.1661 0.162  0.1251 0.1601 0.1522
 0.1985 0.155  0.1588 0.1941 0.1245 0.139  0.2058 0.1268 0.1727 0.1576
 0.1901 0.1745 0.1619 0.1789 0.1625 0.1564 0.1705 0.1243 0.1623 0.1301]
  Theta Mean Norm: 4.0269
----------------------------------------
Epoch  640 | Loss: 1.4881 | Train RMSE: 0.2526 AUC: 0.7210 | Test RMSE: 0.2274 AUC: 0.8364
  Tau stats: min=0.0000, mean=0.0000, max=0.0000
  Active Dims (0): []
  Tau Values: [0. 0. 0. 0. 0. 0. 0. 0. 0. 0. 0. 0. 0. 0. 0. 0. 0. 0. 0. 0. 0. 0. 0. 0.
 0. 0. 0. 0. 0. 0.]
  W Row Norms: [0.159  0.1663 0.2272 0.206  0.1919 0.1661 0.162  0.1251 0.1601 0.1522
 0.1985 0.155  0.1588 0.1941 0.1245 0.139  0.2058 0.1268 0.1727 0.1576
 0.1901 0.1745 0.1619 0.1789 0.1625 0.1564 0.1705 0.1243 0.1623 0.1301]
  Theta Mean Norm: 4.0269
----------------------------------------
Epoch  660 | Loss: 1.4849 | Train RMSE: 0.2524 AUC: 0.7216 | Test RMSE: 0.2270 AUC: 0.8376
  Tau stats: min=0.0000, mean=0.0000, max=0.0000
  Active Dims (0): []
  Tau Values: [0. 0. 0. 0. 0. 0. 0. 0. 0. 0. 0. 0. 0. 0. 0. 0. 0. 0. 0. 0. 0. 0. 0. 0.
 0. 0. 0. 0. 0. 0.]
  W Row Norms: [0.159  0.1663 0.2272 0.206  0.1919 0.1661 0.162  0.1251 0.1601 0.1522
 0.1985 0.155  0.1588 0.1941 0.1245 0.139  0.2058 0.1268 0.1727 0.1576
 0.1901 0.1745 0.1619 0.1789 0.1625 0.1564 0.1705 0.1243 0.1623 0.1301]
  Theta Mean Norm: 4.0269
----------------------------------------
Epoch  680 | Loss: 1.4821 | Train RMSE: 0.2523 AUC: 0.7221 | Test RMSE: 0.2267 AUC: 0.8383
  Tau stats: min=0.0000, mean=0.0000, max=0.0000
  Active Dims (0): []
  Tau Values: [0. 0. 0. 0. 0. 0. 0. 0. 0. 0. 0. 0. 0. 0. 0. 0. 0. 0. 0. 0. 0. 0. 0. 0.
 0. 0. 0. 0. 0. 0.]
  W Row Norms: [0.159  0.1663 0.2272 0.206  0.1919 0.1661 0.162  0.1251 0.1601 0.1522
 0.1985 0.155  0.1588 0.1941 0.1245 0.139  0.2058 0.1268 0.1727 0.1576
 0.1901 0.1745 0.1619 0.1789 0.1625 0.1564 0.1705 0.1243 0.1623 0.1301]
  Theta Mean Norm: 4.0269
----------------------------------------
Epoch  700 | Loss: 1.4795 | Train RMSE: 0.2521 AUC: 0.7225 | Test RMSE: 0.2263 AUC: 0.8392
  Tau stats: min=0.0000, mean=0.0000, max=0.0000
  Active Dims (0): []
  Tau Values: [0. 0. 0. 0. 0. 0. 0. 0. 0. 0. 0. 0. 0. 0. 0. 0. 0. 0. 0. 0. 0. 0. 0. 0.
 0. 0. 0. 0. 0. 0.]
  W Row Norms: [0.159  0.1663 0.2272 0.206  0.1919 0.1661 0.162  0.1251 0.1601 0.1522
 0.1985 0.155  0.1588 0.1941 0.1245 0.139  0.2058 0.1268 0.1727 0.1576
 0.1901 0.1745 0.1619 0.1789 0.1625 0.1564 0.1705 0.1243 0.1623 0.1301]
  Theta Mean Norm: 4.0269
----------------------------------------
Epoch  720 | Loss: 1.4772 | Train RMSE: 0.2520 AUC: 0.7229 | Test RMSE: 0.2260 AUC: 0.8402
  Tau stats: min=0.0000, mean=0.0000, max=0.0000
  Active Dims (0): []
  Tau Values: [0. 0. 0. 0. 0. 0. 0. 0. 0. 0. 0. 0. 0. 0. 0. 0. 0. 0. 0. 0. 0. 0. 0. 0.
 0. 0. 0. 0. 0. 0.]
  W Row Norms: [0.159  0.1663 0.2272 0.206  0.1919 0.1661 0.162  0.1251 0.1601 0.1522
 0.1985 0.155  0.1588 0.1941 0.1245 0.139  0.2058 0.1268 0.1727 0.1576
 0.1901 0.1745 0.1619 0.1789 0.1625 0.1564 0.1705 0.1243 0.1623 0.1301]
  Theta Mean Norm: 4.0269
----------------------------------------
Epoch  740 | Loss: 1.4752 | Train RMSE: 0.2519 AUC: 0.7233 | Test RMSE: 0.2258 AUC: 0.8419
  Tau stats: min=0.0000, mean=0.0000, max=0.0000
  Active Dims (0): []
  Tau Values: [0. 0. 0. 0. 0. 0. 0. 0. 0. 0. 0. 0. 0. 0. 0. 0. 0. 0. 0. 0. 0. 0. 0. 0.
 0. 0. 0. 0. 0. 0.]
  W Row Norms: [0.159  0.1663 0.2272 0.206  0.1919 0.1661 0.162  0.1251 0.1601 0.1522
 0.1985 0.155  0.1588 0.1941 0.1245 0.139  0.2058 0.1268 0.1727 0.1576
 0.1901 0.1745 0.1619 0.1789 0.1625 0.1564 0.1705 0.1243 0.1623 0.1301]
  Theta Mean Norm: 4.0269
----------------------------------------
Epoch  760 | Loss: 1.4733 | Train RMSE: 0.2518 AUC: 0.7236 | Test RMSE: 0.2255 AUC: 0.8429
  Tau stats: min=0.0000, mean=0.0000, max=0.0000
  Active Dims (0): []
  Tau Values: [0. 0. 0. 0. 0. 0. 0. 0. 0. 0. 0. 0. 0. 0. 0. 0. 0. 0. 0. 0. 0. 0. 0. 0.
 0. 0. 0. 0. 0. 0.]
  W Row Norms: [0.159  0.1663 0.2272 0.206  0.1919 0.1661 0.162  0.1251 0.1601 0.1522
 0.1985 0.155  0.1588 0.1941 0.1245 0.139  0.2058 0.1268 0.1727 0.1576
 0.1901 0.1745 0.1619 0.1789 0.1625 0.1564 0.1705 0.1243 0.1623 0.1301]
  Theta Mean Norm: 4.0269
----------------------------------------
Epoch  780 | Loss: 1.4716 | Train RMSE: 0.2517 AUC: 0.7239 | Test RMSE: 0.2253 AUC: 0.8437
  Tau stats: min=0.0000, mean=0.0000, max=0.0000
  Active Dims (0): []
  Tau Values: [0. 0. 0. 0. 0. 0. 0. 0. 0. 0. 0. 0. 0. 0. 0. 0. 0. 0. 0. 0. 0. 0. 0. 0.
 0. 0. 0. 0. 0. 0.]
  W Row Norms: [0.159  0.1663 0.2272 0.206  0.1919 0.1661 0.162  0.1251 0.1601 0.1522
 0.1985 0.155  0.1588 0.1941 0.1245 0.139  0.2058 0.1268 0.1727 0.1576
 0.1901 0.1745 0.1619 0.1789 0.1625 0.1564 0.1705 0.1243 0.1623 0.1301]
  Theta Mean Norm: 4.0269
----------------------------------------
Epoch  800 | Loss: 1.4700 | Train RMSE: 0.2516 AUC: 0.7242 | Test RMSE: 0.2251 AUC: 0.8441
  Tau stats: min=0.0000, mean=0.0000, max=0.0000
  Active Dims (0): []
  Tau Values: [0. 0. 0. 0. 0. 0. 0. 0. 0. 0. 0. 0. 0. 0. 0. 0. 0. 0. 0. 0. 0. 0. 0. 0.
 0. 0. 0. 0. 0. 0.]
  W Row Norms: [0.159  0.1663 0.2272 0.206  0.1919 0.1661 0.162  0.1251 0.1601 0.1522
 0.1985 0.155  0.1588 0.1941 0.1245 0.139  0.2058 0.1268 0.1727 0.1576
 0.1901 0.1745 0.1619 0.1789 0.1625 0.1564 0.1705 0.1243 0.1623 0.1301]
  Theta Mean Norm: 4.0269
----------------------------------------
Epoch  820 | Loss: 1.4686 | Train RMSE: 0.2516 AUC: 0.7244 | Test RMSE: 0.2249 AUC: 0.8443
  Tau stats: min=0.0000, mean=0.0000, max=0.0000
  Active Dims (0): []
  Tau Values: [0. 0. 0. 0. 0. 0. 0. 0. 0. 0. 0. 0. 0. 0. 0. 0. 0. 0. 0. 0. 0. 0. 0. 0.
 0. 0. 0. 0. 0. 0.]
  W Row Norms: [0.159  0.1663 0.2272 0.206  0.1919 0.1661 0.162  0.1251 0.1601 0.1522
 0.1985 0.155  0.1588 0.1941 0.1245 0.139  0.2058 0.1268 0.1727 0.1576
 0.1901 0.1745 0.1619 0.1789 0.1625 0.1564 0.1705 0.1243 0.1623 0.1301]
  Theta Mean Norm: 4.0269
----------------------------------------
Epoch  840 | Loss: 1.4673 | Train RMSE: 0.2515 AUC: 0.7246 | Test RMSE: 0.2247 AUC: 0.8444
  Tau stats: min=0.0000, mean=0.0000, max=0.0000
  Active Dims (0): []
  Tau Values: [0. 0. 0. 0. 0. 0. 0. 0. 0. 0. 0. 0. 0. 0. 0. 0. 0. 0. 0. 0. 0. 0. 0. 0.
 0. 0. 0. 0. 0. 0.]
  W Row Norms: [0.159  0.1663 0.2272 0.206  0.1919 0.1661 0.162  0.1251 0.1601 0.1522
 0.1985 0.155  0.1588 0.1941 0.1245 0.139  0.2058 0.1268 0.1727 0.1576
 0.1901 0.1745 0.1619 0.1789 0.1625 0.1564 0.1705 0.1243 0.1623 0.1301]
  Theta Mean Norm: 4.0269
----------------------------------------
Epoch  860 | Loss: 1.4661 | Train RMSE: 0.2514 AUC: 0.7248 | Test RMSE: 0.2246 AUC: 0.8445
  Tau stats: min=0.0000, mean=0.0000, max=0.0000
  Active Dims (0): []
  Tau Values: [0. 0. 0. 0. 0. 0. 0. 0. 0. 0. 0. 0. 0. 0. 0. 0. 0. 0. 0. 0. 0. 0. 0. 0.
 0. 0. 0. 0. 0. 0.]
  W Row Norms: [0.159  0.1663 0.2272 0.206  0.1919 0.1661 0.162  0.1251 0.1601 0.1522
 0.1985 0.155  0.1588 0.1941 0.1245 0.139  0.2058 0.1268 0.1727 0.1576
 0.1901 0.1745 0.1619 0.1789 0.1625 0.1564 0.1705 0.1243 0.1623 0.1301]
  Theta Mean Norm: 4.0269
----------------------------------------
Epoch  880 | Loss: 1.4650 | Train RMSE: 0.2514 AUC: 0.7249 | Test RMSE: 0.2244 AUC: 0.8448
  Tau stats: min=0.0000, mean=0.0000, max=0.0000
  Active Dims (0): []
  Tau Values: [0. 0. 0. 0. 0. 0. 0. 0. 0. 0. 0. 0. 0. 0. 0. 0. 0. 0. 0. 0. 0. 0. 0. 0.
 0. 0. 0. 0. 0. 0.]
  W Row Norms: [0.159  0.1663 0.2272 0.206  0.1919 0.1661 0.162  0.1251 0.1601 0.1522
 0.1985 0.155  0.1588 0.1941 0.1245 0.139  0.2058 0.1268 0.1727 0.1576
 0.1901 0.1745 0.1619 0.1789 0.1625 0.1564 0.1705 0.1243 0.1623 0.1301]
  Theta Mean Norm: 4.0269
----------------------------------------
Epoch  900 | Loss: 1.4639 | Train RMSE: 0.2513 AUC: 0.7251 | Test RMSE: 0.2243 AUC: 0.8447
  Tau stats: min=0.0000, mean=0.0000, max=0.0000
  Active Dims (0): []
  Tau Values: [0. 0. 0. 0. 0. 0. 0. 0. 0. 0. 0. 0. 0. 0. 0. 0. 0. 0. 0. 0. 0. 0. 0. 0.
 0. 0. 0. 0. 0. 0.]
  W Row Norms: [0.159  0.1663 0.2272 0.206  0.1919 0.1661 0.162  0.1251 0.1601 0.1522
 0.1985 0.155  0.1588 0.1941 0.1245 0.139  0.2058 0.1268 0.1727 0.1576
 0.1901 0.1745 0.1619 0.1789 0.1625 0.1564 0.1705 0.1243 0.1623 0.1301]
  Theta Mean Norm: 4.0269
----------------------------------------
Epoch  920 | Loss: 1.4630 | Train RMSE: 0.2512 AUC: 0.7252 | Test RMSE: 0.2242 AUC: 0.8448
  Tau stats: min=0.0000, mean=0.0000, max=0.0000
  Active Dims (0): []
  Tau Values: [0. 0. 0. 0. 0. 0. 0. 0. 0. 0. 0. 0. 0. 0. 0. 0. 0. 0. 0. 0. 0. 0. 0. 0.
 0. 0. 0. 0. 0. 0.]
  W Row Norms: [0.159  0.1663 0.2272 0.206  0.1919 0.1661 0.162  0.1251 0.1601 0.1522
 0.1985 0.155  0.1588 0.1941 0.1245 0.139  0.2058 0.1268 0.1727 0.1576
 0.1901 0.1745 0.1619 0.1789 0.1625 0.1564 0.1705 0.1243 0.1623 0.1301]
  Theta Mean Norm: 4.0269
----------------------------------------
Epoch  940 | Loss: 1.4621 | Train RMSE: 0.2512 AUC: 0.7253 | Test RMSE: 0.2240 AUC: 0.8449
  Tau stats: min=0.0000, mean=0.0000, max=0.0000
  Active Dims (0): []
  Tau Values: [0. 0. 0. 0. 0. 0. 0. 0. 0. 0. 0. 0. 0. 0. 0. 0. 0. 0. 0. 0. 0. 0. 0. 0.
 0. 0. 0. 0. 0. 0.]
  W Row Norms: [0.159  0.1663 0.2272 0.206  0.1919 0.1661 0.162  0.1251 0.1601 0.1522
 0.1985 0.155  0.1588 0.1941 0.1245 0.139  0.2058 0.1268 0.1727 0.1576
 0.1901 0.1745 0.1619 0.1789 0.1625 0.1564 0.1705 0.1243 0.1623 0.1301]
  Theta Mean Norm: 4.0269
----------------------------------------
Epoch  960 | Loss: 1.4613 | Train RMSE: 0.2511 AUC: 0.7254 | Test RMSE: 0.2239 AUC: 0.8449
  Tau stats: min=0.0000, mean=0.0000, max=0.0000
  Active Dims (0): []
  Tau Values: [0. 0. 0. 0. 0. 0. 0. 0. 0. 0. 0. 0. 0. 0. 0. 0. 0. 0. 0. 0. 0. 0. 0. 0.
 0. 0. 0. 0. 0. 0.]
  W Row Norms: [0.159  0.1663 0.2272 0.206  0.1919 0.1661 0.162  0.1251 0.1601 0.1522
 0.1985 0.155  0.1588 0.1941 0.1245 0.139  0.2058 0.1268 0.1727 0.1576
 0.1901 0.1745 0.1619 0.1789 0.1625 0.1564 0.1705 0.1243 0.1623 0.1301]
  Theta Mean Norm: 4.0269
----------------------------------------
Epoch  980 | Loss: 1.4605 | Train RMSE: 0.2511 AUC: 0.7255 | Test RMSE: 0.2238 AUC: 0.8450
  Tau stats: min=0.0000, mean=0.0000, max=0.0000
  Active Dims (0): []
  Tau Values: [0. 0. 0. 0. 0. 0. 0. 0. 0. 0. 0. 0. 0. 0. 0. 0. 0. 0. 0. 0. 0. 0. 0. 0.
 0. 0. 0. 0. 0. 0.]
  W Row Norms: [0.159  0.1663 0.2272 0.206  0.1919 0.1661 0.162  0.1251 0.1601 0.1522
 0.1985 0.155  0.1588 0.1941 0.1245 0.139  0.2058 0.1268 0.1727 0.1576
 0.1901 0.1745 0.1619 0.1789 0.1625 0.1564 0.1705 0.1243 0.1623 0.1301]
  Theta Mean Norm: 4.0269
----------------------------------------
Epoch  999 | Loss: 1.4598 | Train RMSE: 0.2511 AUC: 0.7256 | Test RMSE: 0.2238 AUC: 0.8450
  Tau stats: min=0.0000, mean=0.0000, max=0.0000
  Active Dims (0): []
  Tau Values: [0. 0. 0. 0. 0. 0. 0. 0. 0. 0. 0. 0. 0. 0. 0. 0. 0. 0. 0. 0. 0. 0. 0. 0.
 0. 0. 0. 0. 0. 0.]
  W Row Norms: [0.159  0.1663 0.2272 0.206  0.1919 0.1661 0.162  0.1251 0.1601 0.1522
 0.1985 0.155  0.1588 0.1941 0.1245 0.139  0.2058 0.1268 0.1727 0.1576
 0.1901 0.1745 0.1619 0.1789 0.1625 0.1564 0.1705 0.1243 0.1623 0.1301]
  Theta Mean Norm: 4.0269
----------------------------------------
Epoch 1000 | Loss: 1.4598 | Train RMSE: 0.2511 AUC: 0.7256 | Test RMSE: 0.2238 AUC: 0.8450
  Tau stats: min=0.0000, mean=0.0000, max=0.0000
  Active Dims (0): []
  Tau Values: [0. 0. 0. 0. 0. 0. 0. 0. 0. 0. 0. 0. 0. 0. 0. 0. 0. 0. 0. 0. 0. 0. 0. 0.
 0. 0. 0. 0. 0. 0.]
  W Row Norms: [0.159  0.1663 0.2272 0.206  0.1919 0.1661 0.162  0.1251 0.1601 0.1522
 0.1985 0.155  0.1588 0.1941 0.1245 0.139  0.2058 0.1268 0.1727 0.1576
 0.1901 0.1745 0.1619 0.1789 0.1625 0.1564 0.1705 0.1243 0.1623 0.1301]
  Theta Mean Norm: 4.0269
----------------------------------------
   -> RMSE | Mean: 0.2629 | Rasch: 0.2617 | Amortized: 0.2238
   -> AUC  | Mean: 0.5000 | Rasch: 0.6139 | Amortized: 0.8450 | Active dims: 0

============================================================
EXPERIMENT COMPLETE
============================================================
Results saved to: /Data/home/v-qizhengli/workspace/reeval-multi/model/result/amortized_irt_pca_beta.csv
